2026-07-20 06:49:09,509 | INFO | [MODEL] Loading offline weights from: /home/scai/msr/aiy257590/flash/GRPO_RESEARCH/Models/nllb-200-distilled-600M
2026-07-20 06:49:18,128 | INFO | [MODEL] Successfully loaded offline model from /home/scai/msr/aiy257590/flash/GRPO_RESEARCH/Models/nllb-200-distilled-600M
2026-07-20 06:49:18,468 | INFO | [TOKENIZER] 'bhili_Deva' is not a native NLLB language code — registering it as a new special token before training.
2026-07-20 06:49:22,469 | INFO | [TOKENIZER] Warm-started 'bhili_Deva' embedding (id=256204) from 'hin_Deva' (id=256068)
2026-07-20 06:49:24,776 | INFO | [TOKENIZER] SRC tokenizer mode=nllb_default — using NLLB vocabulary as-is (no extension)
2026-07-20 06:49:24,777 | INFO | [TOKENIZER] TGT tokenizer mode=nllb_default — using NLLB vocabulary as-is (no extension)
2026-07-20 07:00:42,115 | INFO | [MODEL] Loading offline weights from: /home/scai/msr/aiy257590/flash/GRPO_RESEARCH/Models/nllb-200-distilled-600M
2026-07-20 07:00:50,259 | INFO | [MODEL] Successfully loaded offline model from /home/scai/msr/aiy257590/flash/GRPO_RESEARCH/Models/nllb-200-distilled-600M
2026-07-20 07:00:50,603 | INFO | [TOKENIZER] 'bhili_Deva' is not a native NLLB language code — registering it as a new special token before training.
2026-07-20 07:00:54,541 | INFO | [TOKENIZER] Warm-started 'bhili_Deva' embedding (id=256204) from 'hin_Deva' (id=256068)
2026-07-20 07:00:56,634 | INFO | [TOKENIZER] SRC tokenizer mode=nllb_default — using NLLB vocabulary as-is (no extension)
2026-07-20 07:00:56,634 | INFO | [TOKENIZER] TGT tokenizer mode=nllb_default — using NLLB vocabulary as-is (no extension)
2026-07-20 07:07:07,532 | INFO | [nllb-200-distilled-600M] Epoch 1 | Train 3.0086 | Val 2.7040 | Train PPL 20.2584 | Val PPL 14.9396 | Train BLEU 6.3340 | Val BLEU 4.1448 | Train CHRF++ 33.7266 | Val CHRF++ 31.9178 | LR 1.13e-05
2026-07-20 07:07:15,895 | INFO | [CHECKPOINT] New best saved → directions/bhi2hin/checkpoint-epoch-1-bleu-4.14
2026-07-20 07:07:23,097 | INFO | [CHECKPOINT] Latest saved → directions/bhi2hin/checkpoint-latest-epoch-1
2026-07-20 07:18:46,813 | INFO | [nllb-200-distilled-600M] Epoch 2 | Train 2.5875 | Val 2.2287 | Train PPL 13.2960 | Val PPL 9.2878 | Train BLEU 13.8879 | Val BLEU 14.9581 | Train CHRF++ 42.1867 | Val CHRF++ 41.7371 | LR 2.26e-05
2026-07-20 07:18:48,951 | INFO | [CHECKPOINT] Removed old best → directions/bhi2hin/checkpoint-epoch-1-bleu-4.14
2026-07-20 07:18:56,113 | INFO | [CHECKPOINT] New best saved → directions/bhi2hin/checkpoint-epoch-2-bleu-14.96
2026-07-20 07:18:57,489 | INFO | [CHECKPOINT] Removed old latest → directions/bhi2hin/checkpoint-latest-epoch-1
2026-07-20 07:19:04,877 | INFO | [CHECKPOINT] Latest saved → directions/bhi2hin/checkpoint-latest-epoch-2
2026-07-20 07:25:00,874 | INFO | [nllb-200-distilled-600M] Epoch 1 | Train 3.0085 | Val 2.7046 | Train PPL 20.2570 | Val PPL 14.9478 | Train BLEU 2.5502 | Val BLEU 2.2370 | Train CHRF++ 28.8113 | Val CHRF++ 27.7756 | LR 1.13e-05
2026-07-20 07:25:01,898 | INFO | [CHECKPOINT] Removed old best → directions/bhi2hin/checkpoint-epoch-2-bleu-14.96
2026-07-20 07:25:09,480 | INFO | [CHECKPOINT] New best saved → directions/bhi2hin/checkpoint-epoch-1-bleu-2.24
2026-07-20 07:25:09,487 | INFO | [CHECKPOINT] Removed old latest → directions/bhi2hin/checkpoint-latest-epoch-2
2026-07-20 07:25:16,644 | INFO | [CHECKPOINT] Latest saved → directions/bhi2hin/checkpoint-latest-epoch-1
2026-07-20 07:29:31,392 | INFO | [nllb-200-distilled-600M] Epoch 3 | Train 2.2348 | Val 1.9610 | Train PPL 9.3446 | Val PPL 7.1064 | Train BLEU 22.0486 | Val BLEU 20.0596 | Train CHRF++ 46.8916 | Val CHRF++ 45.5173 | LR 3.00e-05
2026-07-20 07:29:32,267 | INFO | [CHECKPOINT] Removed old best → directions/bhi2hin/checkpoint-epoch-1-bleu-2.24
2026-07-20 07:29:39,584 | INFO | [CHECKPOINT] New best saved → directions/bhi2hin/checkpoint-epoch-3-bleu-20.06
2026-07-20 07:29:39,591 | INFO | [CHECKPOINT] Removed old latest → directions/bhi2hin/checkpoint-latest-epoch-1
2026-07-20 07:29:46,839 | INFO | [CHECKPOINT] Latest saved → directions/bhi2hin/checkpoint-latest-epoch-3
2026-07-20 07:40:12,955 | INFO | [nllb-200-distilled-600M] Epoch 4 | Train 2.0433 | Val 1.8477 | Train PPL 7.7162 | Val PPL 6.3449 | Train BLEU 22.9527 | Val BLEU 21.6762 | Train CHRF++ 48.4801 | Val CHRF++ 46.9338 | LR 2.99e-05
2026-07-20 07:40:15,248 | INFO | [CHECKPOINT] Removed old best → directions/bhi2hin/checkpoint-epoch-3-bleu-20.06
2026-07-20 07:40:22,732 | INFO | [CHECKPOINT] New best saved → directions/bhi2hin/checkpoint-epoch-4-bleu-21.68
2026-07-20 07:40:24,181 | INFO | [CHECKPOINT] Removed old latest → directions/bhi2hin/checkpoint-latest-epoch-3
2026-07-20 07:40:31,523 | INFO | [CHECKPOINT] Latest saved → directions/bhi2hin/checkpoint-latest-epoch-4
2026-07-20 07:41:47,606 | INFO | [nllb-200-distilled-600M] Epoch 2 | Train 2.5886 | Val 2.2276 | Train PPL 13.3108 | Val PPL 9.2779 | Train BLEU 10.2252 | Val BLEU 8.6555 | Train CHRF++ 40.4473 | Val CHRF++ 39.1316 | LR 2.26e-05
2026-07-20 07:41:50,200 | INFO | [CHECKPOINT] Removed old best → directions/bhi2hin/checkpoint-epoch-4-bleu-21.68
2026-07-20 07:41:57,561 | INFO | [CHECKPOINT] New best saved → directions/bhi2hin/checkpoint-epoch-2-bleu-8.66
2026-07-20 07:41:57,568 | INFO | [CHECKPOINT] Removed old latest → directions/bhi2hin/checkpoint-latest-epoch-4
2026-07-20 07:42:04,691 | INFO | [CHECKPOINT] Latest saved → directions/bhi2hin/checkpoint-latest-epoch-2
2026-07-20 07:50:58,869 | INFO | [nllb-200-distilled-600M] Epoch 5 | Train 1.9819 | Val 1.8145 | Train PPL 7.2569 | Val PPL 6.1382 | Train BLEU 25.1682 | Val BLEU 22.3877 | Train CHRF++ 48.7028 | Val CHRF++ 47.5328 | LR 2.98e-05
2026-07-20 07:51:00,756 | INFO | [CHECKPOINT] Removed old best → directions/bhi2hin/checkpoint-epoch-2-bleu-8.66
2026-07-20 07:51:08,153 | INFO | [CHECKPOINT] New best saved → directions/bhi2hin/checkpoint-epoch-5-bleu-22.39
2026-07-20 07:51:08,160 | INFO | [CHECKPOINT] Removed old latest → directions/bhi2hin/checkpoint-latest-epoch-2
2026-07-20 07:51:15,409 | INFO | [CHECKPOINT] Latest saved → directions/bhi2hin/checkpoint-latest-epoch-5
2026-07-20 07:54:46,660 | INFO | [nllb-200-distilled-600M] Epoch 3 | Train 2.2340 | Val 1.9590 | Train PPL 9.3373 | Val PPL 7.0925 | Train BLEU 21.9496 | Val BLEU 18.1386 | Train CHRF++ 46.7286 | Val CHRF++ 45.0649 | LR 3.00e-05
2026-07-20 07:54:47,575 | INFO | [CHECKPOINT] Removed old best → directions/bhi2hin/checkpoint-epoch-5-bleu-22.39
2026-07-20 07:54:54,715 | INFO | [CHECKPOINT] New best saved → directions/bhi2hin/checkpoint-epoch-3-bleu-18.14
2026-07-20 07:54:54,731 | INFO | [CHECKPOINT] Removed old latest → directions/bhi2hin/checkpoint-latest-epoch-5
2026-07-20 07:55:01,775 | INFO | [CHECKPOINT] Latest saved → directions/bhi2hin/checkpoint-latest-epoch-3
2026-07-20 08:01:45,902 | INFO | [nllb-200-distilled-600M] Epoch 6 | Train 1.9589 | Val 1.7996 | Train PPL 7.0915 | Val PPL 6.0470 | Train BLEU 21.2308 | Val BLEU 22.6612 | Train CHRF++ 46.4992 | Val CHRF++ 47.8560 | LR 2.96e-05
2026-07-20 08:01:47,180 | INFO | [CHECKPOINT] Removed old best → directions/bhi2hin/checkpoint-epoch-3-bleu-18.14
2026-07-20 08:01:54,390 | INFO | [CHECKPOINT] New best saved → directions/bhi2hin/checkpoint-epoch-6-bleu-22.66
2026-07-20 08:01:54,396 | INFO | [CHECKPOINT] Removed old latest → directions/bhi2hin/checkpoint-latest-epoch-3
2026-07-20 08:02:01,690 | INFO | [CHECKPOINT] Latest saved → directions/bhi2hin/checkpoint-latest-epoch-6
2026-07-20 08:06:50,368 | INFO | [nllb-200-distilled-600M] Epoch 4 | Train 2.0424 | Val 1.8471 | Train PPL 7.7088 | Val PPL 6.3416 | Train BLEU 22.9229 | Val BLEU 20.1971 | Train CHRF++ 47.9992 | Val CHRF++ 46.6195 | LR 2.99e-05
2026-07-20 08:06:51,190 | INFO | [CHECKPOINT] Removed old best → directions/bhi2hin/checkpoint-epoch-6-bleu-22.66
2026-07-20 08:06:58,458 | INFO | [CHECKPOINT] New best saved → directions/bhi2hin/checkpoint-epoch-4-bleu-20.20
2026-07-20 08:06:58,465 | INFO | [CHECKPOINT] Removed old latest → directions/bhi2hin/checkpoint-latest-epoch-6
2026-07-20 08:07:05,647 | INFO | [CHECKPOINT] Latest saved → directions/bhi2hin/checkpoint-latest-epoch-4
2026-07-20 08:12:23,558 | INFO | [nllb-200-distilled-600M] Epoch 7 | Train 1.9436 | Val 1.7768 | Train PPL 6.9842 | Val PPL 5.9111 | Train BLEU 21.0672 | Val BLEU 22.8044 | Train CHRF++ 46.6747 | Val CHRF++ 48.0133 | LR 2.94e-05
2026-07-20 08:12:24,357 | INFO | [CHECKPOINT] Removed old best → directions/bhi2hin/checkpoint-epoch-4-bleu-20.20
2026-07-20 08:12:31,606 | INFO | [CHECKPOINT] New best saved → directions/bhi2hin/checkpoint-epoch-7-bleu-22.80
2026-07-20 08:12:31,613 | INFO | [CHECKPOINT] Removed old latest → directions/bhi2hin/checkpoint-latest-epoch-4
2026-07-20 08:12:38,744 | INFO | [CHECKPOINT] Latest saved → directions/bhi2hin/checkpoint-latest-epoch-7
2026-07-20 08:18:57,342 | INFO | [nllb-200-distilled-600M] Epoch 5 | Train 1.9814 | Val 1.8142 | Train PPL 7.2526 | Val PPL 6.1362 | Train BLEU 25.4427 | Val BLEU 20.9494 | Train CHRF++ 48.7604 | Val CHRF++ 47.2289 | LR 2.98e-05
2026-07-20 08:18:58,153 | INFO | [CHECKPOINT] Removed old best → directions/bhi2hin/checkpoint-epoch-7-bleu-22.80
2026-07-20 08:19:05,321 | INFO | [CHECKPOINT] New best saved → directions/bhi2hin/checkpoint-epoch-5-bleu-20.95
2026-07-20 08:19:05,328 | INFO | [CHECKPOINT] Removed old latest → directions/bhi2hin/checkpoint-latest-epoch-7
2026-07-20 08:19:12,461 | INFO | [CHECKPOINT] Latest saved → directions/bhi2hin/checkpoint-latest-epoch-5
2026-07-20 08:22:52,257 | INFO | [nllb-200-distilled-600M] Epoch 8 | Train 1.9225 | Val 1.7621 | Train PPL 6.8382 | Val PPL 5.8249 | Train BLEU 24.9174 | Val BLEU 22.9176 | Train CHRF++ 48.3492 | Val CHRF++ 48.0957 | LR 2.91e-05
2026-07-20 08:22:53,070 | INFO | [CHECKPOINT] Removed old best → directions/bhi2hin/checkpoint-epoch-5-bleu-20.95
2026-07-20 08:23:00,341 | INFO | [CHECKPOINT] New best saved → directions/bhi2hin/checkpoint-epoch-8-bleu-22.92
2026-07-20 08:23:00,348 | INFO | [CHECKPOINT] Removed old latest → directions/bhi2hin/checkpoint-latest-epoch-5
2026-07-20 08:23:07,541 | INFO | [CHECKPOINT] Latest saved → directions/bhi2hin/checkpoint-latest-epoch-8
2026-07-20 08:31:13,597 | INFO | [nllb-200-distilled-600M] Epoch 6 | Train 1.9593 | Val 1.7998 | Train PPL 7.0945 | Val PPL 6.0484 | Train BLEU 17.8852 | Val BLEU 21.3624 | Train CHRF++ 45.6179 | Val CHRF++ 47.5424 | LR 2.96e-05
2026-07-20 08:31:14,477 | INFO | [CHECKPOINT] Removed old best → directions/bhi2hin/checkpoint-epoch-8-bleu-22.92
2026-07-20 08:31:21,836 | INFO | [CHECKPOINT] New best saved → directions/bhi2hin/checkpoint-epoch-6-bleu-21.36
2026-07-20 08:31:21,843 | INFO | [CHECKPOINT] Removed old latest → directions/bhi2hin/checkpoint-latest-epoch-8
2026-07-20 08:31:29,131 | INFO | [CHECKPOINT] Latest saved → directions/bhi2hin/checkpoint-latest-epoch-6
2026-07-20 08:33:25,798 | INFO | [nllb-200-distilled-600M] Epoch 9 | Train 1.9100 | Val 1.7484 | Train PPL 6.7532 | Val PPL 5.7456 | Train BLEU 24.0336 | Val BLEU 22.9638 | Train CHRF++ 50.1349 | Val CHRF++ 48.1527 | LR 2.87e-05
2026-07-20 08:33:26,723 | INFO | [CHECKPOINT] Removed old best → directions/bhi2hin/checkpoint-epoch-6-bleu-21.36
2026-07-20 08:33:34,040 | INFO | [CHECKPOINT] New best saved → directions/bhi2hin/checkpoint-epoch-9-bleu-22.96
2026-07-20 08:33:34,058 | INFO | [CHECKPOINT] Removed old latest → directions/bhi2hin/checkpoint-latest-epoch-6
2026-07-20 08:33:41,254 | INFO | [CHECKPOINT] Latest saved → directions/bhi2hin/checkpoint-latest-epoch-9
2026-07-20 08:43:06,132 | INFO | [nllb-200-distilled-600M] Epoch 7 | Train 1.9445 | Val 1.7765 | Train PPL 6.9900 | Val PPL 5.9093 | Train BLEU 21.3357 | Val BLEU 21.7088 | Train CHRF++ 46.8258 | Val CHRF++ 47.7456 | LR 2.94e-05
2026-07-20 08:43:06,971 | INFO | [CHECKPOINT] Removed old best → directions/bhi2hin/checkpoint-epoch-9-bleu-22.96
2026-07-20 08:43:14,178 | INFO | [CHECKPOINT] New best saved → directions/bhi2hin/checkpoint-epoch-7-bleu-21.71
2026-07-20 08:43:14,185 | INFO | [CHECKPOINT] Removed old latest → directions/bhi2hin/checkpoint-latest-epoch-9
2026-07-20 08:43:21,354 | INFO | [CHECKPOINT] Latest saved → directions/bhi2hin/checkpoint-latest-epoch-7
2026-07-20 08:44:02,778 | INFO | [nllb-200-distilled-600M] Epoch 10 | Train 1.9027 | Val 1.7421 | Train PPL 6.7043 | Val PPL 5.7091 | Train BLEU 26.3932 | Val BLEU 23.0231 | Train CHRF++ 50.7048 | Val CHRF++ 48.2257 | LR 2.83e-05
2026-07-20 08:44:03,669 | INFO | [CHECKPOINT] Removed old best → directions/bhi2hin/checkpoint-epoch-7-bleu-21.71
2026-07-20 08:44:11,065 | INFO | [CHECKPOINT] New best saved → directions/bhi2hin/checkpoint-epoch-10-bleu-23.02
2026-07-20 08:44:11,071 | INFO | [CHECKPOINT] Removed old latest → directions/bhi2hin/checkpoint-latest-epoch-7
2026-07-20 08:44:18,282 | INFO | [CHECKPOINT] Latest saved → directions/bhi2hin/checkpoint-latest-epoch-10
2026-07-20 08:54:36,653 | INFO | [nllb-200-distilled-600M] Epoch 11 | Train 1.8949 | Val 1.7327 | Train PPL 6.6517 | Val PPL 5.6562 | Train BLEU 23.2569 | Val BLEU 23.0009 | Train CHRF++ 46.7214 | Val CHRF++ 48.2342 | LR 2.78e-05
2026-07-20 08:54:39,375 | INFO | [CHECKPOINT] Removed old best → directions/bhi2hin/checkpoint-epoch-10-bleu-23.02
2026-07-20 08:54:46,824 | INFO | [CHECKPOINT] New best saved → directions/bhi2hin/checkpoint-epoch-11-bleu-23.00
2026-07-20 08:54:47,948 | INFO | [CHECKPOINT] Removed old latest → directions/bhi2hin/checkpoint-latest-epoch-10
2026-07-20 08:54:55,108 | INFO | [CHECKPOINT] Latest saved → directions/bhi2hin/checkpoint-latest-epoch-11
2026-07-20 08:55:25,421 | INFO | [nllb-200-distilled-600M] Epoch 8 | Train 1.9233 | Val 1.7634 | Train PPL 6.8438 | Val PPL 5.8321 | Train BLEU 24.9034 | Val BLEU 21.7352 | Train CHRF++ 48.3016 | Val CHRF++ 47.8128 | LR 2.91e-05
2026-07-20 08:55:27,627 | INFO | [CHECKPOINT] Removed old best → directions/bhi2hin/checkpoint-epoch-11-bleu-23.00
2026-07-20 08:55:35,167 | INFO | [CHECKPOINT] New best saved → directions/bhi2hin/checkpoint-epoch-8-bleu-21.74
2026-07-20 08:55:35,174 | INFO | [CHECKPOINT] Removed old latest → directions/bhi2hin/checkpoint-latest-epoch-11
2026-07-20 08:55:42,399 | INFO | [CHECKPOINT] Latest saved → directions/bhi2hin/checkpoint-latest-epoch-8
2026-07-20 09:05:27,550 | INFO | [nllb-200-distilled-600M] Epoch 12 | Train 1.8893 | Val 1.7203 | Train PPL 6.6146 | Val PPL 5.5864 | Train BLEU 19.9115 | Val BLEU 22.9866 | Train CHRF++ 44.1393 | Val CHRF++ 48.2521 | LR 2.72e-05
2026-07-20 09:05:28,687 | INFO | [CHECKPOINT] Removed old best → directions/bhi2hin/checkpoint-epoch-8-bleu-21.74
2026-07-20 09:05:36,230 | INFO | [CHECKPOINT] New best saved → directions/bhi2hin/checkpoint-epoch-12-bleu-22.99
2026-07-20 09:05:36,237 | INFO | [CHECKPOINT] Removed old latest → directions/bhi2hin/checkpoint-latest-epoch-8
2026-07-20 09:05:43,554 | INFO | [CHECKPOINT] Latest saved → directions/bhi2hin/checkpoint-latest-epoch-12
2026-07-20 09:08:22,620 | INFO | [nllb-200-distilled-600M] Epoch 9 | Train 1.9121 | Val 1.7493 | Train PPL 6.7676 | Val PPL 5.7507 | Train BLEU 24.2645 | Val BLEU 21.5530 | Train CHRF++ 50.2805 | Val CHRF++ 47.8161 | LR 2.87e-05
2026-07-20 09:08:23,418 | INFO | [CHECKPOINT] Removed old best → directions/bhi2hin/checkpoint-epoch-12-bleu-22.99
2026-07-20 09:08:30,596 | INFO | [CHECKPOINT] New best saved → directions/bhi2hin/checkpoint-epoch-9-bleu-21.55
2026-07-20 09:08:30,603 | INFO | [CHECKPOINT] Removed old latest → directions/bhi2hin/checkpoint-latest-epoch-12
2026-07-20 09:08:37,853 | INFO | [CHECKPOINT] Latest saved → directions/bhi2hin/checkpoint-latest-epoch-9
2026-07-20 09:16:14,817 | INFO | [nllb-200-distilled-600M] Epoch 13 | Train 1.8778 | Val 1.7150 | Train PPL 6.5391 | Val PPL 5.5569 | Train BLEU 23.0212 | Val BLEU 23.1320 | Train CHRF++ 49.7864 | Val CHRF++ 48.2773 | LR 2.66e-05
2026-07-20 09:16:16,060 | INFO | [CHECKPOINT] Removed old best → directions/bhi2hin/checkpoint-epoch-9-bleu-21.55
2026-07-20 09:16:23,226 | INFO | [CHECKPOINT] New best saved → directions/bhi2hin/checkpoint-epoch-13-bleu-23.13
2026-07-20 09:16:23,233 | INFO | [CHECKPOINT] Removed old latest → directions/bhi2hin/checkpoint-latest-epoch-9
2026-07-20 09:16:30,395 | INFO | [CHECKPOINT] Latest saved → directions/bhi2hin/checkpoint-latest-epoch-13
2026-07-20 09:21:02,921 | INFO | [nllb-200-distilled-600M] Epoch 10 | Train 1.9034 | Val 1.7428 | Train PPL 6.7089 | Val PPL 5.7136 | Train BLEU 26.6032 | Val BLEU 21.4324 | Train CHRF++ 50.5860 | Val CHRF++ 47.8266 | LR 2.83e-05
2026-07-20 09:21:03,786 | INFO | [CHECKPOINT] Removed old best → directions/bhi2hin/checkpoint-epoch-13-bleu-23.13
2026-07-20 09:21:11,032 | INFO | [CHECKPOINT] New best saved → directions/bhi2hin/checkpoint-epoch-10-bleu-21.43
2026-07-20 09:21:11,039 | INFO | [CHECKPOINT] Removed old latest → directions/bhi2hin/checkpoint-latest-epoch-13
2026-07-20 09:21:18,227 | INFO | [CHECKPOINT] Latest saved → directions/bhi2hin/checkpoint-latest-epoch-10
2026-07-20 09:26:49,021 | INFO | [nllb-200-distilled-600M] Epoch 14 | Train 1.8757 | Val 1.7132 | Train PPL 6.5251 | Val PPL 5.5467 | Train BLEU 25.1350 | Val BLEU 23.1595 | Train CHRF++ 49.6201 | Val CHRF++ 48.3253 | LR 2.60e-05
2026-07-20 09:26:49,828 | INFO | [CHECKPOINT] Removed old best → directions/bhi2hin/checkpoint-epoch-10-bleu-21.43
2026-07-20 09:26:56,987 | INFO | [CHECKPOINT] New best saved → directions/bhi2hin/checkpoint-epoch-14-bleu-23.16
2026-07-20 09:26:56,994 | INFO | [CHECKPOINT] Removed old latest → directions/bhi2hin/checkpoint-latest-epoch-10
2026-07-20 09:27:04,258 | INFO | [CHECKPOINT] Latest saved → directions/bhi2hin/checkpoint-latest-epoch-14
2026-07-20 09:33:28,727 | INFO | [nllb-200-distilled-600M] Epoch 11 | Train 1.8957 | Val 1.7342 | Train PPL 6.6571 | Val PPL 5.6644 | Train BLEU 23.3633 | Val BLEU 21.5440 | Train CHRF++ 46.9957 | Val CHRF++ 47.8563 | LR 2.78e-05
2026-07-20 09:33:29,539 | INFO | [CHECKPOINT] Removed old best → directions/bhi2hin/checkpoint-epoch-14-bleu-23.16
2026-07-20 09:33:36,676 | INFO | [CHECKPOINT] New best saved → directions/bhi2hin/checkpoint-epoch-11-bleu-21.54
2026-07-20 09:33:36,697 | INFO | [CHECKPOINT] Removed old latest → directions/bhi2hin/checkpoint-latest-epoch-14
2026-07-20 09:33:43,896 | INFO | [CHECKPOINT] Latest saved → directions/bhi2hin/checkpoint-latest-epoch-11
2026-07-20 09:37:30,240 | INFO | [nllb-200-distilled-600M] Epoch 15 | Train 1.8746 | Val 1.7122 | Train PPL 6.5184 | Val PPL 5.5412 | Train BLEU 22.1280 | Val BLEU 22.9839 | Train CHRF++ 46.4277 | Val CHRF++ 48.2787 | LR 2.53e-05
2026-07-20 09:37:31,045 | INFO | [CHECKPOINT] Removed old best → directions/bhi2hin/checkpoint-epoch-11-bleu-21.54
2026-07-20 09:37:38,233 | INFO | [CHECKPOINT] New best saved → directions/bhi2hin/checkpoint-epoch-15-bleu-22.98
2026-07-20 09:37:38,240 | INFO | [CHECKPOINT] Removed old latest → directions/bhi2hin/checkpoint-latest-epoch-11
2026-07-20 09:37:45,439 | INFO | [CHECKPOINT] Latest saved → directions/bhi2hin/checkpoint-latest-epoch-15
2026-07-20 09:46:28,345 | INFO | [nllb-200-distilled-600M] Epoch 12 | Train 1.8913 | Val 1.7317 | Train PPL 6.6279 | Val PPL 5.6503 | Train BLEU 19.8367 | Val BLEU 21.2970 | Train CHRF++ 44.2751 | Val CHRF++ 47.8448 | LR 2.72e-05
2026-07-20 09:46:29,386 | INFO | [CHECKPOINT] Removed old best → directions/bhi2hin/checkpoint-epoch-15-bleu-22.98
2026-07-20 09:46:36,864 | INFO | [CHECKPOINT] New best saved → directions/bhi2hin/checkpoint-epoch-12-bleu-21.30
2026-07-20 09:46:36,872 | INFO | [CHECKPOINT] Removed old latest → directions/bhi2hin/checkpoint-latest-epoch-15
2026-07-20 09:46:44,125 | INFO | [CHECKPOINT] Latest saved → directions/bhi2hin/checkpoint-latest-epoch-12
2026-07-20 09:48:08,751 | INFO | [nllb-200-distilled-600M] Epoch 16 | Train 1.8707 | Val 1.7029 | Train PPL 6.4926 | Val PPL 5.4901 | Train BLEU 23.6846 | Val BLEU 23.0757 | Train CHRF++ 48.1047 | Val CHRF++ 48.3194 | LR 2.45e-05
2026-07-20 09:48:09,575 | INFO | [CHECKPOINT] Removed old best → directions/bhi2hin/checkpoint-epoch-12-bleu-21.30
2026-07-20 09:48:16,635 | INFO | [CHECKPOINT] New best saved → directions/bhi2hin/checkpoint-epoch-16-bleu-23.08
2026-07-20 09:48:16,642 | INFO | [CHECKPOINT] Removed old latest → directions/bhi2hin/checkpoint-latest-epoch-12
2026-07-20 09:48:23,823 | INFO | [CHECKPOINT] Latest saved → directions/bhi2hin/checkpoint-latest-epoch-16
2026-07-20 09:58:48,846 | INFO | [nllb-200-distilled-600M] Epoch 17 | Train 1.8654 | Val 1.7015 | Train PPL 6.4583 | Val PPL 5.4821 | Train BLEU 21.5698 | Val BLEU 23.1101 | Train CHRF++ 48.4828 | Val CHRF++ 48.3024 | LR 2.37e-05
2026-07-20 09:58:52,318 | INFO | [CHECKPOINT] Removed old best → directions/bhi2hin/checkpoint-epoch-16-bleu-23.08
2026-07-20 09:58:59,298 | INFO | [nllb-200-distilled-600M] Epoch 13 | Train 1.8901 | Val 1.7303 | Train PPL 6.6200 | Val PPL 5.6421 | Train BLEU 20.0783 | Val BLEU 21.2268 | Train CHRF++ 48.0664 | Val CHRF++ 47.8299 | LR 2.66e-05
2026-07-20 09:58:59,471 | INFO | [CHECKPOINT] New best saved → directions/bhi2hin/checkpoint-epoch-17-bleu-23.11
2026-07-20 09:59:00,243 | INFO | [CHECKPOINT] Removed old best → directions/bhi2hin/checkpoint-epoch-17-bleu-23.11
2026-07-20 09:59:00,816 | INFO | [CHECKPOINT] Removed old latest → directions/bhi2hin/checkpoint-latest-epoch-16
2026-07-20 09:59:07,063 | INFO | [CHECKPOINT] New best saved → directions/bhi2hin/checkpoint-epoch-13-bleu-21.23
2026-07-20 09:59:08,059 | INFO | [CHECKPOINT] Latest saved → directions/bhi2hin/checkpoint-latest-epoch-17
2026-07-20 09:59:13,977 | INFO | [CHECKPOINT] Latest saved → directions/bhi2hin/checkpoint-latest-epoch-13
2026-07-20 10:09:34,438 | INFO | [nllb-200-distilled-600M] Epoch 18 | Train 1.8644 | Val 1.7011 | Train PPL 6.4522 | Val PPL 5.4798 | Train BLEU 23.4512 | Val BLEU 23.1938 | Train CHRF++ 46.6923 | Val CHRF++ 48.3537 | LR 2.29e-05
2026-07-20 10:09:35,515 | INFO | [CHECKPOINT] Removed old best → directions/bhi2hin/checkpoint-epoch-13-bleu-21.23
2026-07-20 10:09:43,121 | INFO | [CHECKPOINT] New best saved → directions/bhi2hin/checkpoint-epoch-18-bleu-23.19
2026-07-20 10:09:43,128 | INFO | [CHECKPOINT] Removed old latest → directions/bhi2hin/checkpoint-latest-epoch-13
2026-07-20 10:09:50,364 | INFO | [CHECKPOINT] Latest saved → directions/bhi2hin/checkpoint-latest-epoch-18
2026-07-20 10:11:31,522 | INFO | [nllb-200-distilled-600M] Epoch 14 | Train 1.8893 | Val 1.7294 | Train PPL 6.6150 | Val PPL 5.6372 | Train BLEU 25.7514 | Val BLEU 21.3542 | Train CHRF++ 49.7167 | Val CHRF++ 47.8707 | LR 2.60e-05
2026-07-20 10:11:33,249 | INFO | [CHECKPOINT] Removed old best → directions/bhi2hin/checkpoint-epoch-18-bleu-23.19
2026-07-20 10:11:40,208 | INFO | [CHECKPOINT] New best saved → directions/bhi2hin/checkpoint-epoch-14-bleu-21.35
2026-07-20 10:11:40,215 | INFO | [CHECKPOINT] Removed old latest → directions/bhi2hin/checkpoint-latest-epoch-18
2026-07-20 10:11:47,077 | INFO | [CHECKPOINT] Latest saved → directions/bhi2hin/checkpoint-latest-epoch-14
2026-07-20 10:20:24,303 | INFO | [nllb-200-distilled-600M] Epoch 19 | Train 1.8642 | Val 1.7009 | Train PPL 6.4509 | Val PPL 5.4788 | Train BLEU 22.7284 | Val BLEU 23.0737 | Train CHRF++ 48.5494 | Val CHRF++ 48.3147 | LR 2.20e-05
2026-07-20 10:20:25,411 | INFO | [CHECKPOINT] Removed old best → directions/bhi2hin/checkpoint-epoch-14-bleu-21.35
2026-07-20 10:20:32,584 | INFO | [CHECKPOINT] New best saved → directions/bhi2hin/checkpoint-epoch-19-bleu-23.07
2026-07-20 10:20:32,591 | INFO | [CHECKPOINT] Removed old latest → directions/bhi2hin/checkpoint-latest-epoch-14
2026-07-20 10:20:39,724 | INFO | [CHECKPOINT] Latest saved → directions/bhi2hin/checkpoint-latest-epoch-19
2026-07-20 10:24:39,962 | INFO | [nllb-200-distilled-600M] Epoch 15 | Train 1.8882 | Val 1.7288 | Train PPL 6.6074 | Val PPL 5.6336 | Train BLEU 18.3839 | Val BLEU 20.8205 | Train CHRF++ 45.6555 | Val CHRF++ 47.7537 | LR 2.53e-05
2026-07-20 10:24:40,793 | INFO | [CHECKPOINT] Removed old best → directions/bhi2hin/checkpoint-epoch-19-bleu-23.07
2026-07-20 10:24:47,862 | INFO | [CHECKPOINT] New best saved → directions/bhi2hin/checkpoint-epoch-15-bleu-20.82
2026-07-20 10:24:47,991 | INFO | [CHECKPOINT] Removed old latest → directions/bhi2hin/checkpoint-latest-epoch-19
2026-07-20 10:24:54,930 | INFO | [CHECKPOINT] Latest saved → directions/bhi2hin/checkpoint-latest-epoch-15
2026-07-20 10:31:11,508 | INFO | [nllb-200-distilled-600M] Epoch 20 | Train 1.8641 | Val 1.7007 | Train PPL 6.4499 | Val PPL 5.4779 | Train BLEU 24.8048 | Val BLEU 23.0540 | Train CHRF++ 50.9040 | Val CHRF++ 48.3561 | LR 2.11e-05
2026-07-20 10:31:12,483 | INFO | [CHECKPOINT] Removed old best → directions/bhi2hin/checkpoint-epoch-15-bleu-20.82
2026-07-20 10:31:19,525 | INFO | [CHECKPOINT] New best saved → directions/bhi2hin/checkpoint-epoch-20-bleu-23.05
2026-07-20 10:31:19,532 | INFO | [CHECKPOINT] Removed old latest → directions/bhi2hin/checkpoint-latest-epoch-15
2026-07-20 10:31:26,723 | INFO | [CHECKPOINT] Latest saved → directions/bhi2hin/checkpoint-latest-epoch-20
2026-07-20 10:37:10,250 | INFO | [nllb-200-distilled-600M] Epoch 16 | Train 1.8881 | Val 1.7283 | Train PPL 6.6068 | Val PPL 5.6311 | Train BLEU 24.3519 | Val BLEU 21.2139 | Train CHRF++ 48.4967 | Val CHRF++ 47.8644 | LR 2.45e-05
2026-07-20 10:37:11,044 | INFO | [CHECKPOINT] Removed old best → directions/bhi2hin/checkpoint-epoch-20-bleu-23.05
2026-07-20 10:37:17,887 | INFO | [CHECKPOINT] New best saved → directions/bhi2hin/checkpoint-epoch-16-bleu-21.21
2026-07-20 10:37:17,894 | INFO | [CHECKPOINT] Removed old latest → directions/bhi2hin/checkpoint-latest-epoch-20
2026-07-20 10:37:24,744 | INFO | [CHECKPOINT] Latest saved → directions/bhi2hin/checkpoint-latest-epoch-16
2026-07-20 10:41:54,365 | INFO | [nllb-200-distilled-600M] Epoch 21 | Train 1.8642 | Val 1.7008 | Train PPL 6.4505 | Val PPL 5.4783 | Train BLEU 27.3246 | Val BLEU 23.1530 | Train CHRF++ 51.8578 | Val CHRF++ 48.3582 | LR 2.02e-05
2026-07-20 10:41:55,202 | INFO | [CHECKPOINT] Removed old latest → directions/bhi2hin/checkpoint-latest-epoch-16
2026-07-20 10:42:02,284 | INFO | [CHECKPOINT] Latest saved → directions/bhi2hin/checkpoint-latest-epoch-21
2026-07-20 10:50:20,743 | INFO | [nllb-200-distilled-600M] Epoch 17 | Train 1.8880 | Val 1.7281 | Train PPL 6.6064 | Val PPL 5.6301 | Train BLEU 18.6544 | Val BLEU 21.2009 | Train CHRF++ 47.6015 | Val CHRF++ 47.8893 | LR 2.37e-05
2026-07-20 10:50:22,919 | INFO | [CHECKPOINT] Removed old best → directions/bhi2hin/checkpoint-epoch-16-bleu-21.21
2026-07-20 10:50:29,798 | INFO | [CHECKPOINT] New best saved → directions/bhi2hin/checkpoint-epoch-17-bleu-21.20
2026-07-20 10:50:29,806 | INFO | [CHECKPOINT] Removed old latest → directions/bhi2hin/checkpoint-latest-epoch-21
2026-07-20 10:50:37,531 | INFO | [CHECKPOINT] Latest saved → directions/bhi2hin/checkpoint-latest-epoch-17
2026-07-20 10:52:35,815 | INFO | [nllb-200-distilled-600M] Epoch 22 | Train 1.8641 | Val 1.7007 | Train PPL 6.4503 | Val PPL 5.4780 | Train BLEU 23.8492 | Val BLEU 23.1128 | Train CHRF++ 47.6166 | Val CHRF++ 48.3236 | LR 1.93e-05
2026-07-20 10:52:36,598 | INFO | [CHECKPOINT] Removed old latest → directions/bhi2hin/checkpoint-latest-epoch-17
2026-07-20 10:52:43,671 | INFO | [CHECKPOINT] Latest saved → directions/bhi2hin/checkpoint-latest-epoch-22
2026-07-20 11:03:11,670 | INFO | [nllb-200-distilled-600M] Epoch 23 | Train 1.8643 | Val 1.7007 | Train PPL 6.4514 | Val PPL 5.4779 | Train BLEU 20.8431 | Val BLEU 23.1015 | Train CHRF++ 46.9629 | Val CHRF++ 48.3639 | LR 1.83e-05
2026-07-20 11:03:14,653 | INFO | [CHECKPOINT] Removed old latest → directions/bhi2hin/checkpoint-latest-epoch-22
2026-07-20 11:03:21,840 | INFO | [CHECKPOINT] Latest saved → directions/bhi2hin/checkpoint-latest-epoch-23
2026-07-20 11:03:52,000 | INFO | [nllb-200-distilled-600M] Epoch 18 | Train 1.8874 | Val 1.7280 | Train PPL 6.6022 | Val PPL 5.6296 | Train BLEU 23.2832 | Val BLEU 21.3290 | Train CHRF++ 46.5309 | Val CHRF++ 47.8808 | LR 2.29e-05
2026-07-20 11:03:52,944 | INFO | [CHECKPOINT] Removed old best → directions/bhi2hin/checkpoint-epoch-17-bleu-21.20
2026-07-20 11:03:59,844 | INFO | [CHECKPOINT] New best saved → directions/bhi2hin/checkpoint-epoch-18-bleu-21.33
2026-07-20 11:03:59,852 | INFO | [CHECKPOINT] Removed old latest → directions/bhi2hin/checkpoint-latest-epoch-23
2026-07-20 11:04:07,227 | INFO | [CHECKPOINT] Latest saved → directions/bhi2hin/checkpoint-latest-epoch-18
2026-07-20 11:16:46,849 | INFO | [nllb-200-distilled-600M] Epoch 19 | Train 1.8873 | Val 1.7279 | Train PPL 6.6016 | Val PPL 5.6290 | Train BLEU 22.8761 | Val BLEU 21.1237 | Train CHRF++ 48.4950 | Val CHRF++ 47.8298 | LR 2.20e-05
2026-07-20 11:16:49,366 | INFO | [CHECKPOINT] Removed old best → directions/bhi2hin/checkpoint-epoch-18-bleu-21.33
2026-07-20 11:16:56,489 | INFO | [CHECKPOINT] New best saved → directions/bhi2hin/checkpoint-epoch-19-bleu-21.12
2026-07-20 11:16:57,282 | INFO | [CHECKPOINT] Removed old latest → directions/bhi2hin/checkpoint-latest-epoch-18
2026-07-20 11:17:04,325 | INFO | [CHECKPOINT] Latest saved → directions/bhi2hin/checkpoint-latest-epoch-19
2026-07-20 11:29:32,623 | INFO | [nllb-200-distilled-600M] Epoch 20 | Train 1.8872 | Val 1.7278 | Train PPL 6.6005 | Val PPL 5.6282 | Train BLEU 23.9961 | Val BLEU 21.3567 | Train CHRF++ 50.5881 | Val CHRF++ 47.8795 | LR 2.11e-05
2026-07-20 11:29:34,653 | INFO | [CHECKPOINT] Removed old best → directions/bhi2hin/checkpoint-epoch-19-bleu-21.12
2026-07-20 11:29:41,576 | INFO | [CHECKPOINT] New best saved → directions/bhi2hin/checkpoint-epoch-20-bleu-21.36
2026-07-20 11:29:42,371 | INFO | [CHECKPOINT] Removed old latest → directions/bhi2hin/checkpoint-latest-epoch-19
2026-07-20 11:29:49,240 | INFO | [CHECKPOINT] Latest saved → directions/bhi2hin/checkpoint-latest-epoch-20
2026-07-20 11:42:37,462 | INFO | [nllb-200-distilled-600M] Epoch 21 | Train 1.8867 | Val 1.7278 | Train PPL 6.5973 | Val PPL 5.6280 | Train BLEU 27.6180 | Val BLEU 21.2172 | Train CHRF++ 51.7737 | Val CHRF++ 47.8742 | LR 2.02e-05
2026-07-20 11:42:38,217 | INFO | [CHECKPOINT] Removed old best → directions/bhi2hin/checkpoint-epoch-20-bleu-21.36
2026-07-20 11:42:45,065 | INFO | [CHECKPOINT] New best saved → directions/bhi2hin/checkpoint-epoch-21-bleu-21.22
2026-07-20 11:42:45,069 | INFO | [CHECKPOINT] Removed old latest → directions/bhi2hin/checkpoint-latest-epoch-20
2026-07-20 11:42:51,986 | INFO | [CHECKPOINT] Latest saved → directions/bhi2hin/checkpoint-latest-epoch-21
2026-07-20 11:55:13,848 | INFO | [nllb-200-distilled-600M] Epoch 22 | Train 1.8870 | Val 1.7276 | Train PPL 6.5998 | Val PPL 5.6273 | Train BLEU 22.1202 | Val BLEU 21.2503 | Train CHRF++ 47.0237 | Val CHRF++ 47.8974 | LR 1.93e-05
2026-07-20 11:55:15,446 | INFO | [CHECKPOINT] Removed old best → directions/bhi2hin/checkpoint-epoch-21-bleu-21.22
2026-07-20 11:55:22,378 | INFO | [CHECKPOINT] New best saved → directions/bhi2hin/checkpoint-epoch-22-bleu-21.25
2026-07-20 11:55:23,239 | INFO | [CHECKPOINT] Removed old latest → directions/bhi2hin/checkpoint-latest-epoch-21
2026-07-20 11:55:30,034 | INFO | [CHECKPOINT] Latest saved → directions/bhi2hin/checkpoint-latest-epoch-22
2026-07-20 12:07:40,214 | INFO | [nllb-200-distilled-600M] Epoch 23 | Train 1.8875 | Val 1.7277 | Train PPL 6.6030 | Val PPL 5.6279 | Train BLEU 23.2984 | Val BLEU 21.5218 | Train CHRF++ 47.6002 | Val CHRF++ 47.9161 | LR 1.83e-05
2026-07-20 12:07:42,106 | INFO | [CHECKPOINT] Removed old latest → directions/bhi2hin/checkpoint-latest-epoch-22
2026-07-20 12:07:48,920 | INFO | [CHECKPOINT] Latest saved → directions/bhi2hin/checkpoint-latest-epoch-23
2026-07-20 12:19:24,847 | INFO | [nllb-200-distilled-600M] Epoch 24 | Train 1.8871 | Val 1.7277 | Train PPL 6.6001 | Val PPL 5.6277 | Train BLEU 23.8564 | Val BLEU 21.4976 | Train CHRF++ 49.3464 | Val CHRF++ 47.9663 | LR 1.74e-05
2026-07-20 12:19:27,335 | INFO | [CHECKPOINT] Removed old latest → directions/bhi2hin/checkpoint-latest-epoch-23
2026-07-20 12:19:34,470 | INFO | [CHECKPOINT] Latest saved → directions/bhi2hin/checkpoint-latest-epoch-24
2026-07-20 12:32:13,352 | INFO | [nllb-200-distilled-600M] Epoch 25 | Train 1.8870 | Val 1.7277 | Train PPL 6.5993 | Val PPL 5.6280 | Train BLEU 23.9237 | Val BLEU 21.4897 | Train CHRF++ 49.5588 | Val CHRF++ 47.9918 | LR 1.64e-05
2026-07-20 12:32:16,185 | INFO | [CHECKPOINT] Removed old latest → directions/bhi2hin/checkpoint-latest-epoch-24
2026-07-20 12:32:23,521 | INFO | [CHECKPOINT] Latest saved → directions/bhi2hin/checkpoint-latest-epoch-25
