2026-07-20 01:43:09,192 | WARNING | [MODEL] Offline load failed! Reason: Offline directory not found or unavailable: /home/scai/msr/aiy257590/scratch/Adivaani/Seq2Seq-based-Models/nllb-200-distilled-600M
2026-07-20 01:43:09,192 | INFO | [MODEL] Falling back to online download: /home/scai/msr/aiy257590/flash/GRPO_RESEARCH/Models/nllb-200-distilled-600M
2026-07-20 01:43:13,074 | INFO | [TOKENIZER] 'bhi_Deva' is not a native NLLB language code — registering it as a new special token before training.
2026-07-20 01:43:16,518 | INFO | [TOKENIZER] Warm-started 'bhi_Deva' embedding (id=256204) from 'hin_Deva' (id=256068)
2026-07-20 01:43:18,184 | INFO | [DATA] train=192815 | val=5509 | test=N/A
2026-07-20 01:43:18,239 | INFO | [TOKENIZER] SRC tokenizer mode=nllb_default — using NLLB vocabulary as-is (no extension)
2026-07-20 01:43:18,239 | INFO | [TOKENIZER] TGT tokenizer mode=nllb_default — using NLLB vocabulary as-is (no extension)
2026-07-20 01:54:28,868 | INFO | [nllb-200-distilled-600M] Epoch 1 | Train 5.6519 | Val 5.3850 | Train PPL 284.8439 | Val PPL 218.1013 | Train BLEU 2.6624 | Val BLEU 2.6998 | Train CHRF++ 24.9781 | Val CHRF++ 24.5882 | LR 1.13e-05
2026-07-20 01:54:36,953 | INFO | [CHECKPOINT] New best saved → directions/eng2bhi/checkpoint-epoch-1-bleu-2.70
2026-07-20 01:54:43,808 | INFO | [CHECKPOINT] Latest saved → directions/eng2bhi/checkpoint-latest-epoch-1
2026-07-20 02:11:12,886 | INFO | [nllb-200-distilled-600M] Epoch 2 | Train 4.9750 | Val 4.2361 | Train PPL 144.7428 | Val PPL 69.1410 | Train BLEU 1.7186 | Val BLEU 1.4175 | Train CHRF++ 23.2666 | Val CHRF++ 22.9122 | LR 2.26e-05
2026-07-20 02:11:14,830 | INFO | [CHECKPOINT] Removed old best → directions/eng2bhi/checkpoint-epoch-1-bleu-2.70
2026-07-20 02:11:21,847 | INFO | [CHECKPOINT] New best saved → directions/eng2bhi/checkpoint-epoch-2-bleu-1.42
2026-07-20 02:11:22,933 | INFO | [CHECKPOINT] Removed old latest → directions/eng2bhi/checkpoint-latest-epoch-1
2026-07-20 02:11:29,932 | INFO | [CHECKPOINT] Latest saved → directions/eng2bhi/checkpoint-latest-epoch-2
2026-07-20 02:37:04,336 | INFO | [nllb-200-distilled-600M] Epoch 3 | Train 4.1511 | Val 3.7766 | Train PPL 63.5040 | Val PPL 43.6692 | Train BLEU 0.9238 | Val BLEU 0.8521 | Train CHRF++ 22.2636 | Val CHRF++ 21.8626 | LR 3.00e-05
2026-07-20 02:37:05,320 | INFO | [CHECKPOINT] Removed old best → directions/eng2bhi/checkpoint-epoch-2-bleu-1.42
2026-07-20 02:37:12,256 | INFO | [CHECKPOINT] New best saved → directions/eng2bhi/checkpoint-epoch-3-bleu-0.85
2026-07-20 02:37:12,259 | INFO | [CHECKPOINT] Removed old latest → directions/eng2bhi/checkpoint-latest-epoch-2
2026-07-20 02:37:19,147 | INFO | [CHECKPOINT] Latest saved → directions/eng2bhi/checkpoint-latest-epoch-3
2026-07-20 03:01:25,318 | INFO | [nllb-200-distilled-600M] Epoch 4 | Train 3.8841 | Val 3.6355 | Train PPL 48.6212 | Val PPL 37.9196 | Train BLEU 1.2049 | Val BLEU 1.0510 | Train CHRF++ 23.5625 | Val CHRF++ 23.0671 | LR 2.99e-05
2026-07-20 03:01:29,466 | INFO | [CHECKPOINT] Removed old best → directions/eng2bhi/checkpoint-epoch-3-bleu-0.85
2026-07-20 03:01:36,773 | INFO | [CHECKPOINT] New best saved → directions/eng2bhi/checkpoint-epoch-4-bleu-1.05
2026-07-20 03:01:36,964 | INFO | [CHECKPOINT] Removed old latest → directions/eng2bhi/checkpoint-latest-epoch-3
2026-07-20 03:01:43,836 | INFO | [CHECKPOINT] Latest saved → directions/eng2bhi/checkpoint-latest-epoch-4
2026-07-20 03:25:39,466 | INFO | [nllb-200-distilled-600M] Epoch 5 | Train 3.8073 | Val 3.5890 | Train PPL 45.0303 | Val PPL 36.1991 | Train BLEU 1.1876 | Val BLEU 1.1009 | Train CHRF++ 23.5902 | Val CHRF++ 23.3661 | LR 2.98e-05
2026-07-20 03:25:41,177 | INFO | [CHECKPOINT] Removed old best → directions/eng2bhi/checkpoint-epoch-4-bleu-1.05
2026-07-20 03:25:48,239 | INFO | [CHECKPOINT] New best saved → directions/eng2bhi/checkpoint-epoch-5-bleu-1.10
2026-07-20 03:25:48,791 | INFO | [CHECKPOINT] Removed old latest → directions/eng2bhi/checkpoint-latest-epoch-4
2026-07-20 03:25:55,563 | INFO | [CHECKPOINT] Latest saved → directions/eng2bhi/checkpoint-latest-epoch-5
2026-07-20 03:49:41,827 | INFO | [nllb-200-distilled-600M] Epoch 6 | Train 3.7800 | Val 3.5693 | Train PPL 43.8181 | Val PPL 35.4929 | Train BLEU 1.0968 | Val BLEU 1.1268 | Train CHRF++ 23.6415 | Val CHRF++ 23.4782 | LR 2.96e-05
2026-07-20 03:49:44,841 | INFO | [CHECKPOINT] Removed old best → directions/eng2bhi/checkpoint-epoch-5-bleu-1.10
2026-07-20 03:49:52,326 | INFO | [CHECKPOINT] New best saved → directions/eng2bhi/checkpoint-epoch-6-bleu-1.13
2026-07-20 03:49:52,899 | INFO | [CHECKPOINT] Removed old latest → directions/eng2bhi/checkpoint-latest-epoch-5
2026-07-20 03:49:59,686 | INFO | [CHECKPOINT] Latest saved → directions/eng2bhi/checkpoint-latest-epoch-6
2026-07-20 04:13:16,387 | INFO | [nllb-200-distilled-600M] Epoch 7 | Train 3.7664 | Val 3.5595 | Train PPL 43.2246 | Val PPL 35.1449 | Train BLEU 1.3583 | Val BLEU 1.1494 | Train CHRF++ 23.9289 | Val CHRF++ 23.6528 | LR 2.94e-05
2026-07-20 04:13:19,393 | INFO | [CHECKPOINT] Removed old best → directions/eng2bhi/checkpoint-epoch-6-bleu-1.13
2026-07-20 04:13:26,744 | INFO | [CHECKPOINT] New best saved → directions/eng2bhi/checkpoint-epoch-7-bleu-1.15
2026-07-20 04:13:27,751 | INFO | [CHECKPOINT] Removed old latest → directions/eng2bhi/checkpoint-latest-epoch-6
2026-07-20 04:13:34,604 | INFO | [CHECKPOINT] Latest saved → directions/eng2bhi/checkpoint-latest-epoch-7
2026-07-20 04:37:52,351 | INFO | [nllb-200-distilled-600M] Epoch 8 | Train 3.7602 | Val 3.5534 | Train PPL 42.9574 | Val PPL 34.9330 | Train BLEU 1.1509 | Val BLEU 1.1585 | Train CHRF++ 23.6154 | Val CHRF++ 23.6091 | LR 2.91e-05
2026-07-20 04:37:54,213 | INFO | [CHECKPOINT] Removed old best → directions/eng2bhi/checkpoint-epoch-7-bleu-1.15
2026-07-20 04:38:01,358 | INFO | [CHECKPOINT] New best saved → directions/eng2bhi/checkpoint-epoch-8-bleu-1.16
2026-07-20 04:38:01,960 | INFO | [CHECKPOINT] Removed old latest → directions/eng2bhi/checkpoint-latest-epoch-7
2026-07-20 04:38:08,740 | INFO | [CHECKPOINT] Latest saved → directions/eng2bhi/checkpoint-latest-epoch-8
2026-07-20 05:01:48,386 | INFO | [nllb-200-distilled-600M] Epoch 9 | Train 3.7551 | Val 3.5498 | Train PPL 42.7391 | Val PPL 34.8049 | Train BLEU 1.3270 | Val BLEU 1.1566 | Train CHRF++ 24.2239 | Val CHRF++ 23.6195 | LR 2.87e-05
2026-07-20 05:01:51,520 | INFO | [CHECKPOINT] Removed old best → directions/eng2bhi/checkpoint-epoch-8-bleu-1.16
2026-07-20 05:02:00,615 | INFO | [CHECKPOINT] New best saved → directions/eng2bhi/checkpoint-epoch-9-bleu-1.16
2026-07-20 05:02:01,184 | INFO | [CHECKPOINT] Removed old latest → directions/eng2bhi/checkpoint-latest-epoch-8
2026-07-20 05:02:07,835 | INFO | [CHECKPOINT] Latest saved → directions/eng2bhi/checkpoint-latest-epoch-9
2026-07-20 05:26:19,706 | INFO | [nllb-200-distilled-600M] Epoch 10 | Train 3.7529 | Val 3.5473 | Train PPL 42.6428 | Val PPL 34.7188 | Train BLEU 1.3458 | Val BLEU 1.1539 | Train CHRF++ 24.2036 | Val CHRF++ 23.6492 | LR 2.83e-05
2026-07-20 05:26:21,309 | INFO | [CHECKPOINT] Removed old best → directions/eng2bhi/checkpoint-epoch-9-bleu-1.16
2026-07-20 05:26:28,907 | INFO | [CHECKPOINT] New best saved → directions/eng2bhi/checkpoint-epoch-10-bleu-1.15
2026-07-20 05:26:30,112 | INFO | [CHECKPOINT] Removed old latest → directions/eng2bhi/checkpoint-latest-epoch-9
2026-07-20 05:26:36,994 | INFO | [CHECKPOINT] Latest saved → directions/eng2bhi/checkpoint-latest-epoch-10
2026-07-20 05:50:35,319 | INFO | [nllb-200-distilled-600M] Epoch 11 | Train 3.7505 | Val 3.5457 | Train PPL 42.5426 | Val PPL 34.6640 | Train BLEU 1.3577 | Val BLEU 1.1441 | Train CHRF++ 24.3759 | Val CHRF++ 23.5821 | LR 2.78e-05
2026-07-20 05:50:36,035 | INFO | [CHECKPOINT] Removed old best → directions/eng2bhi/checkpoint-epoch-10-bleu-1.15
2026-07-20 05:50:42,939 | INFO | [CHECKPOINT] New best saved → directions/eng2bhi/checkpoint-epoch-11-bleu-1.14
2026-07-20 05:50:42,942 | INFO | [CHECKPOINT] Removed old latest → directions/eng2bhi/checkpoint-latest-epoch-10
2026-07-20 05:50:49,911 | INFO | [CHECKPOINT] Latest saved → directions/eng2bhi/checkpoint-latest-epoch-11
2026-07-20 06:15:21,890 | INFO | [nllb-200-distilled-600M] Epoch 12 | Train 3.7496 | Val 3.5445 | Train PPL 42.5033 | Val PPL 34.6222 | Train BLEU 1.3539 | Val BLEU 1.1402 | Train CHRF++ 24.3235 | Val CHRF++ 23.6177 | LR 2.72e-05
2026-07-20 06:15:26,047 | INFO | [CHECKPOINT] Removed old best → directions/eng2bhi/checkpoint-epoch-11-bleu-1.14
2026-07-20 06:15:34,929 | INFO | [CHECKPOINT] New best saved → directions/eng2bhi/checkpoint-epoch-12-bleu-1.14
2026-07-20 06:15:35,489 | INFO | [CHECKPOINT] Removed old latest → directions/eng2bhi/checkpoint-latest-epoch-11
2026-07-20 06:15:42,189 | INFO | [CHECKPOINT] Latest saved → directions/eng2bhi/checkpoint-latest-epoch-12
2026-07-20 06:39:58,034 | INFO | [nllb-200-distilled-600M] Epoch 13 | Train 3.7489 | Val 3.5437 | Train PPL 42.4749 | Val PPL 34.5952 | Train BLEU 1.3625 | Val BLEU 1.1658 | Train CHRF++ 24.3259 | Val CHRF++ 23.7436 | LR 2.66e-05
2026-07-20 06:39:59,889 | INFO | [CHECKPOINT] Removed old best → directions/eng2bhi/checkpoint-epoch-12-bleu-1.14
2026-07-20 06:40:06,945 | INFO | [CHECKPOINT] New best saved → directions/eng2bhi/checkpoint-epoch-13-bleu-1.17
2026-07-20 06:40:07,506 | INFO | [CHECKPOINT] Removed old latest → directions/eng2bhi/checkpoint-latest-epoch-12
2026-07-20 06:40:14,813 | INFO | [CHECKPOINT] Latest saved → directions/eng2bhi/checkpoint-latest-epoch-13
2026-07-20 07:04:37,318 | INFO | [nllb-200-distilled-600M] Epoch 14 | Train 3.7479 | Val 3.5432 | Train PPL 42.4331 | Val PPL 34.5789 | Train BLEU 1.3447 | Val BLEU 1.1547 | Train CHRF++ 24.2413 | Val CHRF++ 23.6797 | LR 2.60e-05
2026-07-20 07:04:39,427 | INFO | [CHECKPOINT] Removed old best → directions/eng2bhi/checkpoint-epoch-13-bleu-1.17
2026-07-20 07:04:46,882 | INFO | [CHECKPOINT] New best saved → directions/eng2bhi/checkpoint-epoch-14-bleu-1.15
2026-07-20 07:04:47,451 | INFO | [CHECKPOINT] Removed old latest → directions/eng2bhi/checkpoint-latest-epoch-13
2026-07-20 07:04:54,186 | INFO | [CHECKPOINT] Latest saved → directions/eng2bhi/checkpoint-latest-epoch-14
2026-07-20 07:29:30,183 | INFO | [nllb-200-distilled-600M] Epoch 15 | Train 3.7482 | Val 3.5428 | Train PPL 42.4432 | Val PPL 34.5621 | Train BLEU 1.2289 | Val BLEU 1.1559 | Train CHRF++ 24.0570 | Val CHRF++ 23.6605 | LR 2.53e-05
2026-07-20 07:29:34,175 | INFO | [CHECKPOINT] Removed old best → directions/eng2bhi/checkpoint-epoch-14-bleu-1.15
2026-07-20 07:29:41,819 | INFO | [CHECKPOINT] New best saved → directions/eng2bhi/checkpoint-epoch-15-bleu-1.16
2026-07-20 07:29:42,424 | INFO | [CHECKPOINT] Removed old latest → directions/eng2bhi/checkpoint-latest-epoch-14
2026-07-20 07:29:50,143 | INFO | [CHECKPOINT] Latest saved → directions/eng2bhi/checkpoint-latest-epoch-15
2026-07-20 07:53:31,327 | INFO | [nllb-200-distilled-600M] Epoch 16 | Train 3.7478 | Val 3.5425 | Train PPL 42.4257 | Val PPL 34.5526 | Train BLEU 1.3217 | Val BLEU 1.1764 | Train CHRF++ 24.1558 | Val CHRF++ 23.7699 | LR 2.45e-05
2026-07-20 07:53:33,446 | INFO | [CHECKPOINT] Removed old best → directions/eng2bhi/checkpoint-epoch-15-bleu-1.16
2026-07-20 07:53:40,484 | INFO | [CHECKPOINT] New best saved → directions/eng2bhi/checkpoint-epoch-16-bleu-1.18
2026-07-20 07:53:41,429 | INFO | [CHECKPOINT] Removed old latest → directions/eng2bhi/checkpoint-latest-epoch-15
2026-07-20 07:53:48,300 | INFO | [CHECKPOINT] Latest saved → directions/eng2bhi/checkpoint-latest-epoch-16
2026-07-20 08:18:45,469 | INFO | [nllb-200-distilled-600M] Epoch 17 | Train 3.7478 | Val 3.5423 | Train PPL 42.4292 | Val PPL 34.5479 | Train BLEU 1.1126 | Val BLEU 1.1695 | Train CHRF++ 23.1251 | Val CHRF++ 23.7531 | LR 2.37e-05
2026-07-20 08:18:48,794 | INFO | [CHECKPOINT] Removed old best → directions/eng2bhi/checkpoint-epoch-16-bleu-1.18
2026-07-20 08:18:57,253 | INFO | [CHECKPOINT] New best saved → directions/eng2bhi/checkpoint-epoch-17-bleu-1.17
2026-07-20 08:18:57,855 | INFO | [CHECKPOINT] Removed old latest → directions/eng2bhi/checkpoint-latest-epoch-16
2026-07-20 08:19:04,731 | INFO | [CHECKPOINT] Latest saved → directions/eng2bhi/checkpoint-latest-epoch-17
2026-07-20 08:43:02,844 | INFO | [nllb-200-distilled-600M] Epoch 18 | Train 3.7471 | Val 3.5420 | Train PPL 42.3977 | Val PPL 34.5375 | Train BLEU 1.2872 | Val BLEU 1.1605 | Train CHRF++ 23.8468 | Val CHRF++ 23.7348 | LR 2.29e-05
2026-07-20 08:43:04,057 | INFO | [CHECKPOINT] Removed old best → directions/eng2bhi/checkpoint-epoch-17-bleu-1.17
2026-07-20 08:43:12,125 | INFO | [CHECKPOINT] New best saved → directions/eng2bhi/checkpoint-epoch-18-bleu-1.16
2026-07-20 08:43:12,128 | INFO | [CHECKPOINT] Removed old latest → directions/eng2bhi/checkpoint-latest-epoch-17
2026-07-20 08:43:19,070 | INFO | [CHECKPOINT] Latest saved → directions/eng2bhi/checkpoint-latest-epoch-18
2026-07-20 09:07:36,061 | INFO | [nllb-200-distilled-600M] Epoch 19 | Train 3.7468 | Val 3.5421 | Train PPL 42.3844 | Val PPL 34.5380 | Train BLEU 1.1888 | Val BLEU 1.1571 | Train CHRF++ 23.8999 | Val CHRF++ 23.6579 | LR 2.20e-05
2026-07-20 09:07:37,485 | INFO | [CHECKPOINT] Removed old latest → directions/eng2bhi/checkpoint-latest-epoch-18
2026-07-20 09:07:44,450 | INFO | [CHECKPOINT] Latest saved → directions/eng2bhi/checkpoint-latest-epoch-19
2026-07-20 09:31:45,999 | INFO | [nllb-200-distilled-600M] Epoch 20 | Train 3.7466 | Val 3.5420 | Train PPL 42.3766 | Val PPL 34.5371 | Train BLEU 1.2715 | Val BLEU 1.1669 | Train CHRF++ 23.9908 | Val CHRF++ 23.7407 | LR 2.11e-05
2026-07-20 09:31:49,813 | INFO | [CHECKPOINT] Removed old best → directions/eng2bhi/checkpoint-epoch-18-bleu-1.16
2026-07-20 09:31:58,349 | INFO | [CHECKPOINT] New best saved → directions/eng2bhi/checkpoint-epoch-20-bleu-1.17
2026-07-20 09:31:58,734 | INFO | [CHECKPOINT] Removed old latest → directions/eng2bhi/checkpoint-latest-epoch-19
2026-07-20 09:32:05,619 | INFO | [CHECKPOINT] Latest saved → directions/eng2bhi/checkpoint-latest-epoch-20
2026-07-20 09:56:56,826 | INFO | [nllb-200-distilled-600M] Epoch 21 | Train 3.7473 | Val 3.5420 | Train PPL 42.4049 | Val PPL 34.5373 | Train BLEU 1.2364 | Val BLEU 1.1542 | Train CHRF++ 23.7666 | Val CHRF++ 23.7299 | LR 2.02e-05
2026-07-20 09:56:58,786 | INFO | [CHECKPOINT] Removed old latest → directions/eng2bhi/checkpoint-latest-epoch-20
2026-07-20 09:57:05,677 | INFO | [CHECKPOINT] Latest saved → directions/eng2bhi/checkpoint-latest-epoch-21
2026-07-20 10:21:42,313 | INFO | [nllb-200-distilled-600M] Epoch 22 | Train 3.7472 | Val 3.5420 | Train PPL 42.4035 | Val PPL 34.5358 | Train BLEU 1.3628 | Val BLEU 1.1602 | Train CHRF++ 24.2837 | Val CHRF++ 23.7140 | LR 1.93e-05
2026-07-20 10:21:44,371 | INFO | [CHECKPOINT] Removed old best → directions/eng2bhi/checkpoint-epoch-20-bleu-1.17
2026-07-20 10:21:51,227 | INFO | [CHECKPOINT] New best saved → directions/eng2bhi/checkpoint-epoch-22-bleu-1.16
2026-07-20 10:21:52,460 | INFO | [CHECKPOINT] Removed old latest → directions/eng2bhi/checkpoint-latest-epoch-21
2026-07-20 10:21:59,134 | INFO | [CHECKPOINT] Latest saved → directions/eng2bhi/checkpoint-latest-epoch-22
2026-07-20 10:46:36,422 | INFO | [nllb-200-distilled-600M] Epoch 23 | Train 3.7470 | Val 3.5419 | Train PPL 42.3948 | Val PPL 34.5336 | Train BLEU 1.4123 | Val BLEU 1.1678 | Train CHRF++ 24.7788 | Val CHRF++ 23.7141 | LR 1.83e-05
2026-07-20 10:46:40,253 | INFO | [CHECKPOINT] Removed old best → directions/eng2bhi/checkpoint-epoch-22-bleu-1.16
2026-07-20 10:46:47,750 | INFO | [CHECKPOINT] New best saved → directions/eng2bhi/checkpoint-epoch-23-bleu-1.17
2026-07-20 10:46:48,301 | INFO | [CHECKPOINT] Removed old latest → directions/eng2bhi/checkpoint-latest-epoch-22
2026-07-20 10:46:55,170 | INFO | [CHECKPOINT] Latest saved → directions/eng2bhi/checkpoint-latest-epoch-23
2026-07-20 11:11:21,577 | INFO | [nllb-200-distilled-600M] Epoch 24 | Train 3.7468 | Val 3.5419 | Train PPL 42.3835 | Val PPL 34.5310 | Train BLEU 1.1218 | Val BLEU 1.1403 | Train CHRF++ 23.7922 | Val CHRF++ 23.6190 | LR 1.74e-05
2026-07-20 11:11:23,503 | INFO | [CHECKPOINT] Removed old best → directions/eng2bhi/checkpoint-epoch-23-bleu-1.17
2026-07-20 11:11:30,590 | INFO | [CHECKPOINT] New best saved → directions/eng2bhi/checkpoint-epoch-24-bleu-1.14
2026-07-20 11:11:30,972 | INFO | [CHECKPOINT] Removed old latest → directions/eng2bhi/checkpoint-latest-epoch-23
2026-07-20 11:11:37,723 | INFO | [CHECKPOINT] Latest saved → directions/eng2bhi/checkpoint-latest-epoch-24
2026-07-20 11:36:20,224 | INFO | [nllb-200-distilled-600M] Epoch 25 | Train 3.7469 | Val 3.5419 | Train PPL 42.3890 | Val PPL 34.5337 | Train BLEU 1.3354 | Val BLEU 1.1776 | Train CHRF++ 24.3811 | Val CHRF++ 23.7506 | LR 1.64e-05
2026-07-20 11:36:21,690 | INFO | [CHECKPOINT] Removed old latest → directions/eng2bhi/checkpoint-latest-epoch-24
2026-07-20 11:36:28,760 | INFO | [CHECKPOINT] Latest saved → directions/eng2bhi/checkpoint-latest-epoch-25
2026-07-20 12:00:48,704 | INFO | [nllb-200-distilled-600M] Epoch 26 | Train 3.7467 | Val 3.5419 | Train PPL 42.3823 | Val PPL 34.5324 | Train BLEU 1.1035 | Val BLEU 1.1551 | Train CHRF++ 23.3817 | Val CHRF++ 23.6801 | LR 1.54e-05
2026-07-20 12:00:52,399 | INFO | [CHECKPOINT] Removed old latest → directions/eng2bhi/checkpoint-latest-epoch-25
2026-07-20 12:00:59,379 | INFO | [CHECKPOINT] Latest saved → directions/eng2bhi/checkpoint-latest-epoch-26
2026-07-20 12:25:21,873 | INFO | [nllb-200-distilled-600M] Epoch 27 | Train 3.7475 | Val 3.5420 | Train PPL 42.4143 | Val PPL 34.5351 | Train BLEU 1.2325 | Val BLEU 1.1453 | Train CHRF++ 23.9610 | Val CHRF++ 23.6422 | LR 1.44e-05
2026-07-20 12:25:23,759 | INFO | [CHECKPOINT] Removed old latest → directions/eng2bhi/checkpoint-latest-epoch-26
2026-07-20 12:25:30,794 | INFO | [CHECKPOINT] Latest saved → directions/eng2bhi/checkpoint-latest-epoch-27
2026-07-20 12:25:30,795 | INFO | [TEST] No test_csv provided — skipping test evaluation.
